[clean-host] extension: /c/dev/SillyTavern-MainBranch/public/scripts/extensions/third-party/story-orchestrator
[clean-host] log: /c/dev/SillyTavern-MainBranch/public/scripts/extensions/third-party/story-orchestrator/docs/release/clean-host/20260922T091547Z.log
== clone ==
[clean-host] SillyTavern 06bde939fb1e9c4c8d8641d810f0a916b5bce127 (release)
[clean-host] SillyTavern 06bde939fb1e9c4c8d8641d810f0a916b5bce127 (release)
[clean-host] == copy extension ==
[clean-host] == npm ci ==
npm warn deprecated whatwg-encoding@3.1.1: Use @exodus/bytes instead for a more spec-conformant and faster implementation
npm warn deprecated jest-process-manager@0.4.0: ⚠️ The 'jest-process-manager' package is deprecated. Please migrate to Playwright's built-in test runner (@playwright/test) which now includes full Jest-style features and parallel testing. See https://playwright.dev/docs/intro for details.
npm warn deprecated @humanwhocodes/config-array@0.13.0: Use @eslint/config-array instead
npm warn deprecated @humanwhocodes/object-schema@2.0.3: Use @eslint/object-schema instead
npm warn deprecated @babel/plugin-proposal-private-property-in-object@7.21.11: This proposal has been merged to the ECMAScript standard and thus this plugin is no longer maintained. Please use @babel/plugin-transform-private-property-in-object instead.
npm warn deprecated expect-playwright@0.8.0: ⚠️ The 'expect-playwright' package is deprecated. The Playwright core assertions (via @playwright/test) now cover the same functionality. Please migrate to built-in expect. See https://playwright.dev/docs/test-assertions for migration.
npm warn deprecated whatwg-encoding@2.0.0: Use @exodus/bytes instead for a more spec-conformant and faster implementation
npm warn deprecated jest-playwright-preset@4.0.0: ⚠️ The 'jest-playwright-preset' package is deprecated. Please migrate to Playwright's built-in test runner (@playwright/test) which now includes full Jest-style features and parallel testing. See https://playwright.dev/docs/intro for details.
npm warn deprecated uuid@8.3.2: uuid@10 and below is no longer supported.  For ESM codebases, update to uuid@latest.  For CommonJS codebases, use uuid@11 (but be aware this version will likely be deprecated in 2028).
npm warn deprecated uuid@8.3.2: uuid@10 and below is no longer supported.  For ESM codebases, update to uuid@latest.  For CommonJS codebases, use uuid@11 (but be aware this version will likely be deprecated in 2028).
npm warn deprecated glob@10.5.0: Old versions of glob are not supported, and contain widely publicized security vulnerabilities, which have been fixed in the current version. Please update. Support for old versions may be purchased (at exorbitant rates) by contacting i@izs.me
npm warn deprecated glob@10.5.0: Old versions of glob are not supported, and contain widely publicized security vulnerabilities, which have been fixed in the current version. Please update. Support for old versions may be purchased (at exorbitant rates) by contacting i@izs.me
npm warn deprecated uuid@8.3.2: uuid@10 and below is no longer supported.  For ESM codebases, update to uuid@latest.  For CommonJS codebases, use uuid@11 (but be aware this version will likely be deprecated in 2028).
npm warn deprecated glob@10.5.0: Old versions of glob are not supported, and contain widely publicized security vulnerabilities, which have been fixed in the current version. Please update. Support for old versions may be purchased (at exorbitant rates) by contacting i@izs.me
npm warn deprecated eslint@8.57.1: This version is no longer supported. Please see https://eslint.org/version-support for other options.

added 1400 packages in 26s
npm notice
npm notice New major version of npm available! 10.9.4 -> 12.0.2
npm notice Changelog: https://github.com/npm/cli/releases/tag/v12.0.2
npm notice To update run: npm install -g npm@12.0.2
npm notice
[clean-host] npm ci OK
[clean-host] == typecheck ==

> story-orchestrator@2.3.0 typecheck
> tsc --noEmit

[clean-host] typecheck OK
[clean-host] == host record ==
[clean-host] host record: /c/dev/SillyTavern-MainBranch/public/scripts/extensions/third-party/story-orchestrator/docs/release/clean-host/20260922T091547Z.host.json
[clean-host] result: green
